TLC2 Version 2.19 of 08 August 2024 (rev: 5a47802)
Running breadth-first search Model-Checking with fp 88 and seed -1714889949570307977 with 2 workers on 4 cores with 3554MB heap and 64MB offheap memory [pid: 3236] (Linux 6.17.0-1022-azure amd64, Eclipse Adoptium 17.0.20.1 x86_64, MSBDiskFPSet, DiskStateQueue).
Parsing file /home/runner/work/f1r3node-rust/f1r3node-rust/formal/tlaplus/carrier_index/MC_CarrierIndex_read_failure_pre_fix.tla
Parsing file /home/runner/work/f1r3node-rust/f1r3node-rust/formal/tlaplus/carrier_index/CarrierIndex.tla
Parsing file /tmp/Naturals.tla
Parsing file /tmp/FiniteSets.tla
Parsing file /tmp/Sequences.tla
Semantic processing of module Naturals
Semantic processing of module Sequences
Semantic processing of module FiniteSets
Semantic processing of module CarrierIndex
Semantic processing of module MC_CarrierIndex_read_failure_pre_fix
Starting... (2026-09-08 12:54:45)
Computing initial states...
Finished computing initial states: 1 distinct state generated at 2026-09-08 12:54:45.
Error: Invariant AbsenceProofSound is violated.
Error: The behavior up to this point is:
State 1: <Initial predicate>
/\ readable = TRUE
/\ indexed = {}
/\ visible = {}
/\ scanStart = 0

State 2: <RecordBlock line 35, col 3 to line 37, col 47 of module CarrierIndex>
/\ readable = TRUE
/\ indexed = {<<s1, b0>>}
/\ visible = {}
/\ scanStart = 0

State 3: <PublishBlock line 40, col 3 to line 44, col 47 of module CarrierIndex>
/\ readable = TRUE
/\ indexed = {<<s1, b0>>}
/\ visible = {b0}
/\ scanStart = 0

State 4: <FailRead line 55, col 3 to line 57, col 46 of module CarrierIndex>
/\ readable = FALSE
/\ indexed = {<<s1, b0>>}
/\ visible = {b0}
/\ scanStart = 0

110 states generated, 41 distinct states found, 26 states left on queue.
The depth of the complete state graph search is 4.
The average outdegree of the complete state graph is 3 (minimum is 0, the maximum 6 and the 95th percentile is 6).
Finished in 00s at (2026-09-08 12:54:45)
