TLC2 Version 2.19 of 08 August 2024 (rev: 5a47802)
Running breadth-first search Model-Checking with fp 98 and seed -8434426716527754270 with 1 worker on 20 cores with 27305MB heap and 64MB offheap memory (Linux 6.17.0-1032-nvidia aarch64, Private Build 1.8.0_502 x86_64, MSBDiskFPSet, DiskStateQueue).
Parsing file /tmp/soak-g0-baseline.fb9f2E/carrier_index/MC_CarrierIndex_dag_first_pre_fix.tla
Parsing file /tmp/soak-g0-baseline.fb9f2E/carrier_index/CarrierIndex.tla
Parsing file /tmp/Naturals.tla
Parsing file /tmp/FiniteSets.tla
Parsing file /tmp/Sequences.tla
Semantic processing of module Naturals
Semantic processing of module Sequences
Semantic processing of module FiniteSets
Semantic processing of module CarrierIndex
Semantic processing of module MC_CarrierIndex_dag_first_pre_fix
Starting... (2026-09-08 04:55:00)
Computing initial states...
Finished computing initial states: 1 distinct state generated at 2026-09-08 04:55:01.
Error: Invariant IndexCompleteForWindow is violated.
Error: The behavior up to this point is:
State 1: <Initial predicate>
/\ readable = TRUE
/\ indexed = {}
/\ visible = {}
/\ scanStart = 0

State 2: <PublishBlock line 40, col 3 to line 44, col 47 of module CarrierIndex>
/\ readable = TRUE
/\ indexed = {}
/\ visible = {b0}
/\ scanStart = 0

5 states generated, 5 distinct states found, 3 states left on queue.
The depth of the complete state graph search is 2.
Finished in 02s at (2026-09-08 04:55:01)
