Picked up JAVA_TOOL_OPTIONS: -Xmx512m
TLC2 Version 2.19 of 08 August 2024 (rev: 5a47802)
Running breadth-first search Model-Checking with fp 69 and seed 6265777260063598093 with 2 workers on 20 cores with 491MB heap and 64MB offheap memory (Linux 6.17.0-1032-nvidia aarch64, Private Build 1.8.0_502 x86_64, MSBDiskFPSet, DiskStateQueue).
Parsing file [WORKSPACE_ROOT]/formal/tlaplus/replay_liveness/MC_ReplayHotLoop.tla
Parsing file [WORKSPACE_ROOT]/formal/tlaplus/replay_liveness/ReplayHotLoop.tla
Parsing file /tmp/Naturals.tla
Semantic processing of module Naturals
Semantic processing of module ReplayHotLoop
Semantic processing of module MC_ReplayHotLoop
Starting... (2026-09-10 17:26:00)
Implied-temporal checking--satisfiability problem has 1 branches.
Computing initial states...
Finished computing initial states: 1 distinct state generated at 2026-09-10 17:26:00.
Progress(9) at 2026-09-10 17:26:00: 10 states generated, 9 distinct states found, 0 states left on queue.
Checking temporal properties for the complete state space with 9 total distinct states at (2026-09-10 17:26:00)
Finished checking temporal properties in 00s at 2026-09-10 17:26:00
Model checking completed. No error has been found.
  Estimates of the probability that TLC did not check all reachable states
  because two distinct states had the same fingerprint:
  calculated (optimistic):  val = 4.9E-19
10 states generated, 9 distinct states found, 0 states left on queue.
The depth of the complete state graph search is 9.
The average outdegree of the complete state graph is 1 (minimum is 0, the maximum 1 and the 95th percentile is 1).
Finished in 01s at (2026-09-10 17:26:00)
