Picked up JAVA_TOOL_OPTIONS: -Xmx512m
TLC2 Version 2.19 of 08 August 2024 (rev: 5a47802)
Running breadth-first search Model-Checking with fp 111 and seed -2857113134021900601 with 2 workers on 20 cores with 491MB heap and 64MB offheap memory (Linux 6.17.0-1032-nvidia aarch64, Private Build 1.8.0_502 x86_64, MSBDiskFPSet, DiskStateQueue).
Parsing file [WORKSPACE_ROOT]/formal/tlaplus/soak_disk/MC_DockerExitStop_client_only_pre_fix.tla
Parsing file [WORKSPACE_ROOT]/formal/tlaplus/soak_disk/DockerExitStop.tla
Parsing file /tmp/TLC.tla
Parsing file /tmp/Naturals.tla
Parsing file /tmp/Sequences.tla
Parsing file /tmp/FiniteSets.tla
Semantic processing of module Naturals
Semantic processing of module Sequences
Semantic processing of module FiniteSets
Semantic processing of module TLC
Semantic processing of module DockerExitStop
Semantic processing of module MC_DockerExitStop_client_only_pre_fix
Starting... (2026-09-10 17:28:43)
Implied-temporal checking--satisfiability problem has 1 branches.
Computing initial states...
Finished computing initial states: 1 distinct state generated at 2026-09-10 17:28:44.
Error: Invariant ParentExitStopsFixtureWriter is violated.
Error: The behavior up to this point is:
State 1: <Initial predicate>
/\ writerAlive = TRUE
/\ phase = "work"

State 2: <RequestExit line 8, col 5 to line 10, col 28 of module DockerExitStop>
/\ writerAlive = TRUE
/\ phase = "exit-requested"

State 3: <FinishExit line 18, col 5 to line 21, col 28 of module DockerExitStop>
/\ writerAlive = TRUE
/\ phase = "exited"

3 states generated, 3 distinct states found, 0 states left on queue.
The depth of the complete state graph search is 3.
The average outdegree of the complete state graph is 1 (minimum is 1, the maximum 1 and the 95th percentile is 1).
Finished in 02s at (2026-09-10 17:28:44)
