Picked up JAVA_TOOL_OPTIONS: -Xmx512m
TLC2 Version 2.19 of 08 August 2024 (rev: 5a47802)
Running breadth-first search Model-Checking with fp 95 and seed 5745960803456853252 with 2 workers on 20 cores with 491MB heap and 64MB offheap memory (Linux 6.17.0-1032-nvidia aarch64, Private Build 1.8.0_502 x86_64, MSBDiskFPSet, DiskStateQueue).
Parsing file [WORKSPACE_ROOT]/formal/tlaplus/soak_disk/MC_BenchmarkBreachAdmission.tla
Parsing file [WORKSPACE_ROOT]/formal/tlaplus/soak_disk/BenchmarkBreachAdmission.tla
Parsing file /tmp/Naturals.tla
Parsing file /tmp/TLC.tla
Parsing file /tmp/Sequences.tla
Parsing file /tmp/FiniteSets.tla
Semantic processing of module Naturals
Semantic processing of module Sequences
Semantic processing of module FiniteSets
Semantic processing of module TLC
Semantic processing of module BenchmarkBreachAdmission
Semantic processing of module MC_BenchmarkBreachAdmission
Starting... (2026-09-10 16:07:25)
Implied-temporal checking--satisfiability problem has 1 branches.
Computing initial states...
Finished computing initial states: 2 distinct states generated at 2026-09-10 16:07:26.
Progress(3) at 2026-09-10 16:07:26: 6 states generated, 6 distinct states found, 0 states left on queue.
Checking temporal properties for the complete state space with 6 total distinct states at (2026-09-10 16:07:26)
Finished checking temporal properties in 00s at 2026-09-10 16:07:26
Model checking completed. No error has been found.
  Estimates of the probability that TLC did not check all reachable states
  because two distinct states had the same fingerprint:
  calculated (optimistic):  val = 0.0
6 states generated, 6 distinct states found, 0 states left on queue.
The depth of the complete state graph search is 3.
The average outdegree of the complete state graph is 1 (minimum is 0, the maximum 1 and the 95th percentile is 1).
Finished in 02s at (2026-09-10 16:07:26)
