Picked up JAVA_TOOL_OPTIONS: -Xmx512m
TLC2 Version 2.19 of 08 August 2024 (rev: 5a47802)
Running breadth-first search Model-Checking with fp 107 and seed -7838764931631407909 with 2 workers on 20 cores with 491MB heap and 64MB offheap memory (Linux 6.17.0-1032-nvidia aarch64, Private Build 1.8.0_502 x86_64, MSBDiskFPSet, DiskStateQueue).
Parsing file [WORKSPACE_ROOT]/formal/tlaplus/soak_disk/MC_DiskEmergencyRecord_stop_first_pre_fix.tla
Parsing file [WORKSPACE_ROOT]/formal/tlaplus/soak_disk/DiskEmergencyRecord.tla
Parsing file /tmp/Naturals.tla
Parsing file /tmp/TLC.tla
Parsing file /tmp/Sequences.tla
Parsing file /tmp/FiniteSets.tla
Semantic processing of module Naturals
Semantic processing of module Sequences
Semantic processing of module FiniteSets
Semantic processing of module TLC
Semantic processing of module DiskEmergencyRecord
Semantic processing of module MC_DiskEmergencyRecord_stop_first_pre_fix
Starting... (2026-09-10 16:08:32)
Computing initial states...
Finished computing initial states: 1 distinct state generated at 2026-09-10 16:08:32.
Error: Invariant StopRequiresRecord is violated.
Error: The behavior up to this point is:
State 1: <Initial predicate>
/\ recorded = FALSE
/\ stopStarted = FALSE
/\ freeMiB = 8192
/\ phase = "watch"

State 2: <ExternalWrite line 15, col 5 to line 16, col 49 of module DiskEmergencyRecord>
/\ recorded = FALSE
/\ stopStarted = FALSE
/\ freeMiB = 0
/\ phase = "watch"

State 3: <Detect line 19, col 5 to line 22, col 51 of module DiskEmergencyRecord>
/\ recorded = FALSE
/\ stopStarted = FALSE
/\ freeMiB = 0
/\ phase = "stop"

State 4: <BeginStop line 31, col 5 to line 34, col 38 of module DiskEmergencyRecord>
/\ recorded = FALSE
/\ stopStarted = TRUE
/\ freeMiB = 0
/\ phase = "waiting"

14 states generated, 7 distinct states found, 0 states left on queue.
The depth of the complete state graph search is 4.
The average outdegree of the complete state graph is 1 (minimum is 1, the maximum 2 and the 95th percentile is 2).
Finished in 01s at (2026-09-10 16:08:32)
