Picked up JAVA_TOOL_OPTIONS: -Xmx512m
TLC2 Version 2.19 of 08 August 2024 (rev: 5a47802)
Running breadth-first search Model-Checking with fp 0 and seed -5070025622934381980 with 2 workers on 20 cores with 491MB heap and 64MB offheap memory (Linux 6.17.0-1032-nvidia aarch64, Private Build 1.8.0_502 x86_64, MSBDiskFPSet, DiskStateQueue).
Parsing file [WORKSPACE_ROOT]/formal/tlaplus/soak_disk/MC_DiskBreachRestart_clear_pre_fix.tla
Parsing file [WORKSPACE_ROOT]/formal/tlaplus/soak_disk/DiskBreachRestart.tla
Parsing file /tmp/Naturals.tla
Parsing file /tmp/TLC.tla
Parsing file /tmp/Sequences.tla
Parsing file /tmp/FiniteSets.tla
Semantic processing of module Naturals
Semantic processing of module Sequences
Semantic processing of module FiniteSets
Semantic processing of module TLC
Semantic processing of module DiskBreachRestart
Semantic processing of module MC_DiskBreachRestart_clear_pre_fix
Starting... (2026-09-11 06:42:46)
Implied-temporal checking--satisfiability problem has 1 branches.
Computing initial states...
Finished computing initial states: 2 distinct states generated at 2026-09-11 06:42:47.
Error: Invariant RetainedBreachStopsRestart is violated.
Error: The behavior up to this point is:
State 1: <Initial predicate>
/\ failures = 2
/\ phase = "resume"
/\ marker = TRUE
/\ admitted = FALSE
/\ priorFailures = 2

State 2: <Recover line 16, col 5 to line 20, col 44 of module DiskBreachRestart>
/\ failures = 2
/\ phase = "ready"
/\ marker = FALSE
/\ admitted = FALSE
/\ priorFailures = 2

State 3: <Finish line 23, col 5 to line 26, col 52 of module DiskBreachRestart>
/\ failures = 2
/\ phase = "done"
/\ marker = FALSE
/\ admitted = TRUE
/\ priorFailures = 2

6 states generated, 6 distinct states found, 0 states left on queue.
The depth of the complete state graph search is 3.
The average outdegree of the complete state graph is 1 (minimum is 1, the maximum 1 and the 95th percentile is 1).
Finished in 01s at (2026-09-11 06:42:47)
