Picked up JAVA_TOOL_OPTIONS: -Xmx512m
TLC2 Version 2.19 of 08 August 2024 (rev: 5a47802)
Running breadth-first search Model-Checking with fp 101 and seed -8441806011075091381 with 2 workers on 20 cores with 491MB heap and 64MB offheap memory (Linux 6.17.0-1032-nvidia aarch64, Private Build 1.8.0_502 x86_64, MSBDiskFPSet, DiskStateQueue).
Parsing file [WORKSPACE_ROOT]/formal/tlaplus/soak_disk/MC_DiskSettingsAdmission_unchecked_pre_fix.tla
Parsing file [WORKSPACE_ROOT]/formal/tlaplus/soak_disk/DiskSettingsAdmission.tla
Parsing file /tmp/Naturals.tla
Parsing file /tmp/Sequences.tla
Parsing file /tmp/TLC.tla
Parsing file /tmp/FiniteSets.tla
Semantic processing of module Naturals
Semantic processing of module Sequences
Semantic processing of module FiniteSets
Semantic processing of module TLC
Semantic processing of module DiskSettingsAdmission
Semantic processing of module MC_DiskSettingsAdmission_unchecked_pre_fix
Starting... (2026-09-11 06:43:18)
Implied-temporal checking--satisfiability problem has 1 branches.
Computing initial states...
Computed 2 initial states...
Finished computing initial states: 4 distinct states generated at 2026-09-11 06:43:19.
Error: Invariant AdmissionRequiresValidDiskSettings is violated.
Error: The behavior up to this point is:
State 1: <Initial predicate>
/\ settings = [floorText |-> "9223372036854775808", bandText |-> "4096"]
/\ rejected = FALSE
/\ column = 20
/\ phase = "adding"
/\ carry = 0
/\ admitted = FALSE
/\ sumText = ""

State 2: <AddColumn line 43, col 5 to line 50, col 49 of module DiskSettingsAdmission>
/\ settings = [floorText |-> "9223372036854775808", bandText |-> "4096"]
/\ rejected = FALSE
/\ column = 19
/\ phase = "adding"
/\ carry = 1
/\ admitted = FALSE
/\ sumText = "4"

State 3: <AddColumn line 43, col 5 to line 50, col 49 of module DiskSettingsAdmission>
/\ settings = [floorText |-> "9223372036854775808", bandText |-> "4096"]
/\ rejected = FALSE
/\ column = 18
/\ phase = "adding"
/\ carry = 1
/\ admitted = FALSE
/\ sumText = "04"

State 4: <AddColumn line 43, col 5 to line 50, col 49 of module DiskSettingsAdmission>
/\ settings = [floorText |-> "9223372036854775808", bandText |-> "4096"]
/\ rejected = FALSE
/\ column = 17
/\ phase = "adding"
/\ carry = 0
/\ admitted = FALSE
/\ sumText = "904"

State 5: <AddColumn line 43, col 5 to line 50, col 49 of module DiskSettingsAdmission>
/\ settings = [floorText |-> "9223372036854775808", bandText |-> "4096"]
/\ rejected = FALSE
/\ column = 16
/\ phase = "adding"
/\ carry = 0
/\ admitted = FALSE
/\ sumText = "9904"

State 6: <AddColumn line 43, col 5 to line 50, col 49 of module DiskSettingsAdmission>
/\ settings = [floorText |-> "9223372036854775808", bandText |-> "4096"]
/\ rejected = FALSE
/\ column = 15
/\ phase = "adding"
/\ carry = 0
/\ admitted = FALSE
/\ sumText = "79904"

State 7: <AddColumn line 43, col 5 to line 50, col 49 of module DiskSettingsAdmission>
/\ settings = [floorText |-> "9223372036854775808", bandText |-> "4096"]
/\ rejected = FALSE
/\ column = 14
/\ phase = "adding"
/\ carry = 0
/\ admitted = FALSE
/\ sumText = "779904"

State 8: <AddColumn line 43, col 5 to line 50, col 49 of module DiskSettingsAdmission>
/\ settings = [floorText |-> "9223372036854775808", bandText |-> "4096"]
/\ rejected = FALSE
/\ column = 13
/\ phase = "adding"
/\ carry = 0
/\ admitted = FALSE
/\ sumText = "4779904"

State 9: <AddColumn line 43, col 5 to line 50, col 49 of module DiskSettingsAdmission>
/\ settings = [floorText |-> "9223372036854775808", bandText |-> "4096"]
/\ rejected = FALSE
/\ column = 12
/\ phase = "adding"
/\ carry = 0
/\ admitted = FALSE
/\ sumText = "54779904"

State 10: <AddColumn line 43, col 5 to line 50, col 49 of module DiskSettingsAdmission>
/\ settings = [floorText |-> "9223372036854775808", bandText |-> "4096"]
/\ rejected = FALSE
/\ column = 11
/\ phase = "adding"
/\ carry = 0
/\ admitted = FALSE
/\ sumText = "854779904"

State 11: <AddColumn line 43, col 5 to line 50, col 49 of module DiskSettingsAdmission>
/\ settings = [floorText |-> "9223372036854775808", bandText |-> "4096"]
/\ rejected = FALSE
/\ column = 10
/\ phase = "adding"
/\ carry = 0
/\ admitted = FALSE
/\ sumText = "6854779904"

State 12: <AddColumn line 43, col 5 to line 50, col 49 of module DiskSettingsAdmission>
/\ settings = [floorText |-> "9223372036854775808", bandText |-> "4096"]
/\ rejected = FALSE
/\ column = 9
/\ phase = "adding"
/\ carry = 0
/\ admitted = FALSE
/\ sumText = "36854779904"

State 13: <AddColumn line 43, col 5 to line 50, col 49 of module DiskSettingsAdmission>
/\ settings = [floorText |-> "9223372036854775808", bandText |-> "4096"]
/\ rejected = FALSE
/\ column = 8
/\ phase = "adding"
/\ carry = 0
/\ admitted = FALSE
/\ sumText = "036854779904"

State 14: <AddColumn line 43, col 5 to line 50, col 49 of module DiskSettingsAdmission>
/\ settings = [floorText |-> "9223372036854775808", bandText |-> "4096"]
/\ rejected = FALSE
/\ column = 7
/\ phase = "adding"
/\ carry = 0
/\ admitted = FALSE
/\ sumText = "2036854779904"

State 15: <AddColumn line 43, col 5 to line 50, col 49 of module DiskSettingsAdmission>
/\ settings = [floorText |-> "9223372036854775808", bandText |-> "4096"]
/\ rejected = FALSE
/\ column = 6
/\ phase = "adding"
/\ carry = 0
/\ admitted = FALSE
/\ sumText = "72036854779904"

State 16: <AddColumn line 43, col 5 to line 50, col 49 of module DiskSettingsAdmission>
/\ settings = [floorText |-> "9223372036854775808", bandText |-> "4096"]
/\ rejected = FALSE
/\ column = 5
/\ phase = "adding"
/\ carry = 0
/\ admitted = FALSE
/\ sumText = "372036854779904"

State 17: <AddColumn line 43, col 5 to line 50, col 49 of module DiskSettingsAdmission>
/\ settings = [floorText |-> "9223372036854775808", bandText |-> "4096"]
/\ rejected = FALSE
/\ column = 4
/\ phase = "adding"
/\ carry = 0
/\ admitted = FALSE
/\ sumText = "3372036854779904"

State 18: <AddColumn line 43, col 5 to line 50, col 49 of module DiskSettingsAdmission>
/\ settings = [floorText |-> "9223372036854775808", bandText |-> "4096"]
/\ rejected = FALSE
/\ column = 3
/\ phase = "adding"
/\ carry = 0
/\ admitted = FALSE
/\ sumText = "23372036854779904"

State 19: <AddColumn line 43, col 5 to line 50, col 49 of module DiskSettingsAdmission>
/\ settings = [floorText |-> "9223372036854775808", bandText |-> "4096"]
/\ rejected = FALSE
/\ column = 2
/\ phase = "adding"
/\ carry = 0
/\ admitted = FALSE
/\ sumText = "223372036854779904"

State 20: <AddColumn line 43, col 5 to line 50, col 49 of module DiskSettingsAdmission>
/\ settings = [floorText |-> "9223372036854775808", bandText |-> "4096"]
/\ rejected = FALSE
/\ column = 1
/\ phase = "adding"
/\ carry = 0
/\ admitted = FALSE
/\ sumText = "9223372036854779904"

State 21: <AddColumn line 43, col 5 to line 50, col 49 of module DiskSettingsAdmission>
/\ settings = [floorText |-> "9223372036854775808", bandText |-> "4096"]
/\ rejected = FALSE
/\ column = 0
/\ phase = "config"
/\ carry = 0
/\ admitted = FALSE
/\ sumText = "09223372036854779904"

State 22: <Decide line 52, col 5 to line 56, col 53 of module DiskSettingsAdmission>
/\ settings = [floorText |-> "9223372036854775808", bandText |-> "4096"]
/\ rejected = FALSE
/\ column = 0
/\ phase = "checked"
/\ carry = 0
/\ admitted = TRUE
/\ sumText = "09223372036854779904"

86 states generated, 86 distinct states found, 2 states left on queue.
The depth of the complete state graph search is 22.
The average outdegree of the complete state graph is 1 (minimum is 1, the maximum 1 and the 95th percentile is 1).
Finished in 02s at (2026-09-11 06:43:19)
