Picked up JAVA_TOOL_OPTIONS: -Xmx512m
TLC2 Version 2.19 of 08 August 2024 (rev: 5a47802)
Running breadth-first search Model-Checking with fp 108 and seed -8138595845693733064 with 2 workers on 20 cores with 491MB heap and 64MB offheap memory (Linux 6.17.0-1032-nvidia aarch64, Private Build 1.8.0_502 x86_64, MSBDiskFPSet, DiskStateQueue).
Parsing file [WORKSPACE_ROOT]/formal/tlaplus/soak_disk/MC_GuardianProgress_alive_only_pre_fix.tla
Parsing file [WORKSPACE_ROOT]/formal/tlaplus/soak_disk/GuardianProgress.tla
Parsing file /tmp/Naturals.tla
Parsing file /tmp/TLC.tla
Parsing file /tmp/Sequences.tla
Parsing file /tmp/FiniteSets.tla
Semantic processing of module Naturals
Semantic processing of module Sequences
Semantic processing of module FiniteSets
Semantic processing of module TLC
Semantic processing of module GuardianProgress
Semantic processing of module MC_GuardianProgress_alive_only_pre_fix
Starting... (2026-09-11 06:43:09)
Implied-temporal checking--satisfiability problem has 1 branches.
Computing initial states...
Finished computing initial states: 1 distinct state generated at 2026-09-11 06:43:10.
Error: Invariant StaleGuardianRequiresInterrupt is violated.
Error: The behavior up to this point is:
State 1: <Initial predicate>
/\ interrupted = FALSE
/\ age = 0
/\ guardianAlive = TRUE
/\ phase = "waiting"

State 2: <Tick line 14, col 5 to line 17, col 54 of module GuardianProgress>
/\ interrupted = FALSE
/\ age = 1
/\ guardianAlive = TRUE
/\ phase = "waiting"

State 3: <Tick line 14, col 5 to line 17, col 54 of module GuardianProgress>
/\ interrupted = FALSE
/\ age = 2
/\ guardianAlive = TRUE
/\ phase = "waiting"

State 4: <Tick line 14, col 5 to line 17, col 54 of module GuardianProgress>
/\ interrupted = FALSE
/\ age = 3
/\ guardianAlive = TRUE
/\ phase = "waiting"

State 5: <Observe line 20, col 5 to line 24, col 39 of module GuardianProgress>
/\ interrupted = FALSE
/\ age = 3
/\ guardianAlive = TRUE
/\ phase = "checked"

5 states generated, 5 distinct states found, 0 states left on queue.
The depth of the complete state graph search is 5.
The average outdegree of the complete state graph is 1 (minimum is 1, the maximum 1 and the 95th percentile is 1).
Finished in 02s at (2026-09-11 06:43:10)
