Picked up JAVA_TOOL_OPTIONS: -Xmx512m
TLC2 Version 2.19 of 08 August 2024 (rev: 5a47802)
Running breadth-first search Model-Checking with fp 36 and seed -6111904392232954723 with 2 workers on 20 cores with 491MB heap and 64MB offheap memory (Linux 6.17.0-1032-nvidia aarch64, Private Build 1.8.0_502 x86_64, MSBDiskFPSet, DiskStateQueue).
Parsing file [WORKSPACE_ROOT]/formal/tlaplus/soak_disk/MC_DriverCrashStop_parent_group_pre_fix.tla
Parsing file [WORKSPACE_ROOT]/formal/tlaplus/soak_disk/DriverCrashStop.tla
Parsing file /tmp/Naturals.tla
Semantic processing of module Naturals
Semantic processing of module DriverCrashStop
Semantic processing of module MC_DriverCrashStop_parent_group_pre_fix
Starting... (2026-09-11 07:16:40)
Implied-temporal checking--satisfiability problem has 1 branches.
Computing initial states...
Finished computing initial states: 1 distinct state generated at 2026-09-11 07:16:40.
Error: Invariant DriverCrashStopsOwnedWriter is violated.
Error: The behavior up to this point is:
State 1: <Initial predicate>
/\ ownedRunning = TRUE
/\ supervisorRunning = TRUE
/\ unownedRunning = TRUE
/\ phase = "active"

State 2: <Crash line 16, col 5 to line 19, col 49 of module DriverCrashStop>
/\ ownedRunning = TRUE
/\ supervisorRunning = FALSE
/\ unownedRunning = TRUE
/\ phase = "crashed"

State 3: <Respond line 22, col 5 to line 26, col 31 of module DriverCrashStop>
/\ ownedRunning = TRUE
/\ supervisorRunning = FALSE
/\ unownedRunning = TRUE
/\ phase = "checked"

3 states generated, 3 distinct states found, 0 states left on queue.
The depth of the complete state graph search is 3.
The average outdegree of the complete state graph is 1 (minimum is 1, the maximum 1 and the 95th percentile is 1).
Finished in 01s at (2026-09-11 07:16:40)
