Picked up JAVA_TOOL_OPTIONS: -Xmx512m
TLC2 Version 2.19 of 08 August 2024 (rev: 5a47802)
Running breadth-first search Model-Checking with fp 113 and seed 7926404468698931904 with 2 workers on 20 cores with 491MB heap and 64MB offheap memory (Linux 6.17.0-1032-nvidia aarch64, Private Build 1.8.0_502 x86_64, MSBDiskFPSet, DiskStateQueue).
Parsing file [WORKSPACE_ROOT]/formal/tlaplus/soak_disk/MC_CrashMonitorExit_unconditional_pre_fix.tla
Parsing file [WORKSPACE_ROOT]/formal/tlaplus/soak_disk/CrashMonitorExit.tla
Parsing file /tmp/Naturals.tla
Semantic processing of module Naturals
Semantic processing of module CrashMonitorExit
Semantic processing of module MC_CrashMonitorExit_unconditional_pre_fix
Starting... (2026-09-11 07:16:43)
Implied-temporal checking--satisfiability problem has 1 branches.
Computing initial states...
Finished computing initial states: 1 distinct state generated at 2026-09-11 07:16:43.
Error: Invariant HandledExitHasNoExtraStop is violated.
Error: The behavior up to this point is:
State 1: <Initial predicate>
/\ stopRequests = 0
/\ phase = "active"
/\ handled = FALSE

State 2: <HandleExit line 15, col 5 to line 18, col 24 of module CrashMonitorExit>
/\ stopRequests = 1
/\ phase = "exited"
/\ handled = FALSE

State 3: <ObserveExit line 21, col 5 to line 24, col 24 of module CrashMonitorExit>
/\ stopRequests = 2
/\ phase = "checked"
/\ handled = FALSE

3 states generated, 3 distinct states found, 0 states left on queue.
The depth of the complete state graph search is 3.
The average outdegree of the complete state graph is 1 (minimum is 1, the maximum 1 and the 95th percentile is 1).
Finished in 02s at (2026-09-11 07:16:43)
