Picked up JAVA_TOOL_OPTIONS: -Xmx512m
TLC2 Version 2.19 of 08 August 2024 (rev: 5a47802)
Running breadth-first search Model-Checking with fp 25 and seed -6326123703489523260 with 2 workers on 20 cores with 491MB heap and 64MB offheap memory (Linux 6.17.0-1032-nvidia aarch64, Private Build 1.8.0_502 x86_64, MSBDiskFPSet, DiskStateQueue).
Parsing file [WORKSPACE_ROOT]/formal/tlaplus/soak_disk/MC_DiskProbeAdmission_missing_sample_pre_fix.tla
Parsing file [WORKSPACE_ROOT]/formal/tlaplus/soak_disk/DiskProbeAdmission.tla
Parsing file /tmp/Naturals.tla
Parsing file /tmp/TLC.tla
Parsing file /tmp/Sequences.tla
Parsing file /tmp/FiniteSets.tla
Semantic processing of module Naturals
Semantic processing of module Sequences
Semantic processing of module FiniteSets
Semantic processing of module TLC
Semantic processing of module DiskProbeAdmission
Semantic processing of module MC_DiskProbeAdmission_missing_sample_pre_fix
Starting... (2026-09-11 06:42:24)
Implied-temporal checking--satisfiability problem has 1 branches.
Computing initial states...
Finished computing initial states: 1 distinct state generated at 2026-09-11 06:42:25.
Error: Invariant AdmissionRequiresSample is violated.
Error: The behavior up to this point is:
State 1: <Initial predicate>
/\ sample = [known |-> FALSE, freeMiB |-> 0]
/\ admissionSample = [known |-> FALSE, freeMiB |-> 0]
/\ phase = "boundary-probe"
/\ evidence = FALSE
/\ admitted = FALSE
/\ stopReason = "none"

State 2: <ProbeBoundary line 27, col 5 to line 30, col 68 of module DiskProbeAdmission>
/\ sample = [known |-> FALSE, freeMiB |-> 0]
/\ admissionSample = [known |-> FALSE, freeMiB |-> 0]
/\ phase = "boundary-decision"
/\ evidence = FALSE
/\ admitted = FALSE
/\ stopReason = "none"

State 3: <DecideHygiene line 33, col 5 to line 35, col 76 of module DiskProbeAdmission>
/\ sample = [known |-> FALSE, freeMiB |-> 0]
/\ admissionSample = [known |-> FALSE, freeMiB |-> 0]
/\ phase = "admission-check"
/\ evidence = FALSE
/\ admitted = FALSE
/\ stopReason = "none"

State 4: <CheckAdmission line 58, col 5 to line 64, col 64 of module DiskProbeAdmission>
/\ sample = [known |-> FALSE, freeMiB |-> 0]
/\ admissionSample = [known |-> FALSE, freeMiB |-> 0]
/\ phase = "admit"
/\ evidence = FALSE
/\ admitted = FALSE
/\ stopReason = "none"

State 5: <Admit line 67, col 5 to line 71, col 49 of module DiskProbeAdmission>
/\ sample = [known |-> FALSE, freeMiB |-> 0]
/\ admissionSample = [known |-> FALSE, freeMiB |-> 0]
/\ phase = "running"
/\ evidence = FALSE
/\ admitted = TRUE
/\ stopReason = "none"

23 states generated, 21 distinct states found, 4 states left on queue.
The depth of the complete state graph search is 6.
The average outdegree of the complete state graph is 1 (minimum is 0, the maximum 4 and the 95th percentile is 4).
Finished in 01s at (2026-09-11 06:42:25)
