Picked up JAVA_TOOL_OPTIONS: -Xmx512m
TLC2 Version 2.19 of 08 August 2024 (rev: 5a47802)
Running breadth-first search Model-Checking with fp 118 and seed 7098975768606435886 with 2 workers on 20 cores with 491MB heap and 64MB offheap memory (Linux 6.17.0-1032-nvidia aarch64, Private Build 1.8.0_502 x86_64, MSBDiskFPSet, DiskStateQueue).
Parsing file [WORKSPACE_ROOT]/formal/tlaplus/soak_disk/MC_DockerOomOwnership_periodic_name_pre_fix.tla
Parsing file [WORKSPACE_ROOT]/formal/tlaplus/soak_disk/DockerOomOwnership.tla
Parsing file /tmp/Naturals.tla
Parsing file /tmp/FiniteSets.tla
Parsing file /tmp/Sequences.tla
Semantic processing of module Naturals
Semantic processing of module Sequences
Semantic processing of module FiniteSets
Semantic processing of module DockerOomOwnership
Semantic processing of module MC_DockerOomOwnership_periodic_name_pre_fix
Starting... (2026-09-11 06:43:51)
Implied-temporal checking--satisfiability problem has 1 branches.
Computing initial states...
Finished computing initial states: 1 distinct state generated at 2026-09-11 06:43:52.
Error: Invariant UnownedContainerPreferencesPreserved is violated.
Error: The behavior up to this point is:
State 1: <Initial predicate>
/\ running = {"unrelated"}
/\ phase = "before"
/\ preferred = {}

State 2: <Launch line 10, col 11 to line 13, col 71 of module DockerOomOwnership>
/\ running = {"owned", "unrelated"}
/\ phase = "active"
/\ preferred = {}

State 3: <Observe line 14, col 12 to line 17, col 31 of module DockerOomOwnership>
/\ running = {"owned", "unrelated"}
/\ phase = "observed"
/\ preferred = {"owned", "unrelated"}

3 states generated, 3 distinct states found, 0 states left on queue.
The depth of the complete state graph search is 3.
The average outdegree of the complete state graph is 1 (minimum is 1, the maximum 1 and the 95th percentile is 1).
Finished in 02s at (2026-09-11 06:43:52)
