Picked up JAVA_TOOL_OPTIONS: -Xmx512m
TLC2 Version 2.19 of 08 August 2024 (rev: 5a47802)
Running breadth-first search Model-Checking with fp 3 and seed 6881232412588583779 with 2 workers on 20 cores with 491MB heap and 64MB offheap memory (Linux 6.17.0-1032-nvidia aarch64, Private Build 1.8.0_502 x86_64, MSBDiskFPSet, DiskStateQueue).
Parsing file [WORKSPACE_ROOT]/formal/tlaplus/soak_disk/MC_BenchmarkDiskAdmission_unchecked_pre_fix.tla
Parsing file [WORKSPACE_ROOT]/formal/tlaplus/soak_disk/BenchmarkDiskAdmission.tla
Parsing file /tmp/Naturals.tla
Parsing file /tmp/TLC.tla
Parsing file /tmp/Sequences.tla
Parsing file /tmp/FiniteSets.tla
Semantic processing of module Naturals
Semantic processing of module Sequences
Semantic processing of module FiniteSets
Semantic processing of module TLC
Semantic processing of module BenchmarkDiskAdmission
Semantic processing of module MC_BenchmarkDiskAdmission_unchecked_pre_fix
Starting... (2026-09-11 07:15:40)
Implied-temporal checking--satisfiability problem has 1 branches.
Computing initial states...
Computed 2 initial states...
Finished computing initial states: 3 distinct states generated at 2026-09-11 07:15:41.
Error: Invariant BenchmarkRequiresBand is violated.
Error: The behavior up to this point is:
State 1: <Initial predicate>
/\ failures = 0
/\ refused = FALSE
/\ sampleMiB = 0
/\ freeMiB = 7000
/\ phase = "sample"
/\ admitted = FALSE

State 2: <Probe line 17, col 5 to line 20, col 57 of module BenchmarkDiskAdmission>
/\ failures = 0
/\ refused = FALSE
/\ sampleMiB = 7000
/\ freeMiB = 7000
/\ phase = "decide"
/\ admitted = FALSE

State 3: <Decide line 23, col 5 to line 27, col 49 of module BenchmarkDiskAdmission>
/\ failures = 0
/\ refused = FALSE
/\ sampleMiB = 7000
/\ freeMiB = 7000
/\ phase = "publish"
/\ admitted = TRUE

11 states generated, 11 distinct states found, 0 states left on queue.
The depth of the complete state graph search is 4.
The average outdegree of the complete state graph is 1 (minimum is 0, the maximum 1 and the 95th percentile is 1).
Finished in 01s at (2026-09-11 07:15:41)
