Picked up JAVA_TOOL_OPTIONS: -Xmx512m
TLC2 Version 2.19 of 08 August 2024 (rev: 5a47802)
Running breadth-first search Model-Checking with fp 35 and seed -2883374095505729433 with 2 workers on 20 cores with 491MB heap and 64MB offheap memory (Linux 6.17.0-1032-nvidia aarch64, Private Build 1.8.0_502 x86_64, MSBDiskFPSet, DiskStateQueue).
Parsing file [WORKSPACE_ROOT]/formal/tlaplus/soak_disk/MC_CrashMonitorExit.tla
Parsing file [WORKSPACE_ROOT]/formal/tlaplus/soak_disk/CrashMonitorExit.tla
Parsing file /tmp/Naturals.tla
Semantic processing of module Naturals
Semantic processing of module CrashMonitorExit
Semantic processing of module MC_CrashMonitorExit
Starting... (2026-09-11 07:14:56)
Implied-temporal checking--satisfiability problem has 1 branches.
Computing initial states...
Finished computing initial states: 1 distinct state generated at 2026-09-11 07:14:56.
Progress(3) at 2026-09-11 07:14:56: 3 states generated, 3 distinct states found, 0 states left on queue.
Checking temporal properties for the complete state space with 3 total distinct states at (2026-09-11 07:14:56)
Finished checking temporal properties in 00s at 2026-09-11 07:14:56
Model checking completed. No error has been found.
  Estimates of the probability that TLC did not check all reachable states
  because two distinct states had the same fingerprint:
  calculated (optimistic):  val = 0.0
3 states generated, 3 distinct states found, 0 states left on queue.
The depth of the complete state graph search is 3.
The average outdegree of the complete state graph is 1 (minimum is 0, the maximum 1 and the 95th percentile is 1).
Finished in 01s at (2026-09-11 07:14:56)
