Picked up JAVA_TOOL_OPTIONS: -Xmx512m
TLC2 Version 2.19 of 08 August 2024 (rev: 5a47802)
Running breadth-first search Model-Checking with fp 90 and seed 3573205354867789425 with 2 workers on 20 cores with 491MB heap and 64MB offheap memory (Linux 6.17.0-1032-nvidia aarch64, Private Build 1.8.0_502 x86_64, MSBDiskFPSet, DiskStateQueue).
Parsing file [WORKSPACE_ROOT]/formal/tlaplus/soak_disk/MC_SoakDisk.tla
Parsing file [WORKSPACE_ROOT]/formal/tlaplus/soak_disk/SoakDisk.tla
Parsing file /tmp/Naturals.tla
Parsing file /tmp/TLC.tla
Parsing file /tmp/Sequences.tla
Parsing file /tmp/FiniteSets.tla
Semantic processing of module Naturals
Semantic processing of module Sequences
Semantic processing of module FiniteSets
Semantic processing of module TLC
Semantic processing of module SoakDisk
Semantic processing of module MC_SoakDisk
Starting... (2026-09-11 06:40:40)
Implied-temporal checking--satisfiability problem has 1 branches.
Computing initial states...
Finished computing initial states: 1 distinct state generated at 2026-09-11 06:40:41.
Progress(9) at 2026-09-11 06:40:41: 66 states generated, 54 distinct states found, 0 states left on queue.
Checking temporal properties for the complete state space with 54 total distinct states at (2026-09-11 06:40:41)
Finished checking temporal properties in 00s at 2026-09-11 06:40:41
Model checking completed. No error has been found.
  Estimates of the probability that TLC did not check all reachable states
  because two distinct states had the same fingerprint:
  calculated (optimistic):  val = 3.5E-17
66 states generated, 54 distinct states found, 0 states left on queue.
The depth of the complete state graph search is 9.
The average outdegree of the complete state graph is 1 (minimum is 0, the maximum 5 and the 95th percentile is 2).
Finished in 02s at (2026-09-11 06:40:41)
