Picked up JAVA_TOOL_OPTIONS: -Xmx512m
TLC2 Version 2.19 of 08 August 2024 (rev: 5a47802)
Running breadth-first search Model-Checking with fp 84 and seed -5681032657317460731 with 2 workers on 20 cores with 491MB heap and 64MB offheap memory (Linux 6.17.0-1032-nvidia aarch64, Private Build 1.8.0_502 x86_64, MSBDiskFPSet, DiskStateQueue).
Parsing file [WORKSPACE_ROOT]/formal/tlaplus/soak_disk/MC_IterationCrashRecovery_unrecorded_pre_fix.tla
Parsing file [WORKSPACE_ROOT]/formal/tlaplus/soak_disk/IterationCrashRecovery.tla
Parsing file /tmp/Naturals.tla
Parsing file /tmp/TLC.tla
Parsing file /tmp/Sequences.tla
Parsing file /tmp/FiniteSets.tla
Semantic processing of module Naturals
Semantic processing of module Sequences
Semantic processing of module FiniteSets
Semantic processing of module TLC
Semantic processing of module IterationCrashRecovery
Semantic processing of module MC_IterationCrashRecovery_unrecorded_pre_fix
Starting... (2026-09-11 06:43:33)
Implied-temporal checking--satisfiability problem has 1 branches.
Computing initial states...
Finished computing initial states: 1 distinct state generated at 2026-09-11 06:43:34.
Error: Invariant CrashRequiresRefusal is violated.
Error: The behavior up to this point is:
State 1: <Initial predicate>
/\ inFlight = FALSE
/\ failures = 0
/\ refused = FALSE
/\ phase = "active"
/\ admitted = FALSE

State 2: <Crash line 13, col 5 to line 15, col 58 of module IterationCrashRecovery>
/\ inFlight = FALSE
/\ failures = 0
/\ refused = FALSE
/\ phase = "crashed"
/\ admitted = FALSE

State 3: <Recover line 17, col 5 to line 22, col 41 of module IterationCrashRecovery>
/\ inFlight = FALSE
/\ failures = 0
/\ refused = FALSE
/\ phase = "recovered"
/\ admitted = TRUE

3 states generated, 3 distinct states found, 0 states left on queue.
The depth of the complete state graph search is 3.
The average outdegree of the complete state graph is 1 (minimum is 1, the maximum 1 and the 95th percentile is 1).
Finished in 01s at (2026-09-11 06:43:34)
