Soak host protection: node RSS ceiling=0MB; host free floor=4096MB; disk free floor=0MB (hygiene band +4096MB)
orchestrator host guardian watching MemAvailable floor 4096MB (hard floor 2048MB, warn 8192MB) and disk free floor 0MB (hard floor 0MB); pid 71
Terminated
preserving failure evidence from integration-tests/data (iteration 1)
failure evidence preserved in 0s
preserving failure evidence from integration-tests/log-archive (iteration 1)
failure evidence preserved in 0s
preserving failure evidence from integration-tests/.subprocess-data (iteration 1)
failure evidence preserved in 0s
host-protection breach in iteration 1; ending soak (fail-closed)
orchestrator host guardian: host available RAM 1024MB < floor 4096MB (hard floor 2048MB, consecutive 1); writer termination is unconfirmed
started_at=1789136243
segments=1
finished_at=1789136255
target_ref=unknown
target_sha=unknown
requested_seconds=120
elapsed_seconds=12
iterations=1
failures=1
bench_segments=0
bench_failures=0
early_exit_reason=host_protection_breach
