Picked up JAVA_TOOL_OPTIONS: -Xmx512m
TLC2 Version 2.19 of 08 August 2024 (rev: 5a47802)
Running breadth-first search Model-Checking with fp 118 and seed -3973267411764442374 with 2 workers on 20 cores with 491MB heap and 64MB offheap memory (Linux 6.17.0-1032-nvidia aarch64, Private Build 1.8.0_502 x86_64, MSBDiskFPSet, DiskStateQueue).
Parsing file [WORKSPACE_ROOT]/formal/tlaplus/soak_disk/MC_GuardianProgressAdmission_unchecked_pre_fix.tla
Parsing file [WORKSPACE_ROOT]/formal/tlaplus/soak_disk/GuardianProgressAdmission.tla
Parsing file /tmp/Naturals.tla
Parsing file /tmp/TLC.tla
Parsing file /tmp/Sequences.tla
Parsing file /tmp/FiniteSets.tla
Semantic processing of module Naturals
Semantic processing of module Sequences
Semantic processing of module FiniteSets
Semantic processing of module TLC
Semantic processing of module GuardianProgressAdmission
Semantic processing of module MC_GuardianProgressAdmission_unchecked_pre_fix
Starting... (2026-09-10 19:04:10)
Implied-temporal checking--satisfiability problem has 1 branches.
Computing initial states...
Computed 2 initial states...
Finished computing initial states: 3 distinct states generated at 2026-09-10 19:04:11.
Error: Invariant StaleProgressPreventsAdmission is violated.
Error: The behavior up to this point is:
State 1: <Initial predicate>
/\ age = 3
/\ failureRecorded = FALSE
/\ phase = "boundary"
/\ admitted = FALSE

State 2: <Decide line 14, col 5 to line 18, col 20 of module GuardianProgressAdmission>
/\ age = 3
/\ failureRecorded = FALSE
/\ phase = "checked"
/\ admitted = TRUE

6 states generated, 6 distinct states found, 0 states left on queue.
The depth of the complete state graph search is 2.
The average outdegree of the complete state graph is 1 (minimum is 0, the maximum 1 and the 95th percentile is 1).
Finished in 02s at (2026-09-10 19:04:11)
