Picked up JAVA_TOOL_OPTIONS: -Xmx512m
TLC2 Version 2.19 of 08 August 2024 (rev: 5a47802)
Running breadth-first search Model-Checking with fp 110 and seed 6592312662002035031 with 2 workers on 20 cores with 491MB heap and 64MB offheap memory (Linux 6.17.0-1032-nvidia aarch64, Private Build 1.8.0_502 x86_64, MSBDiskFPSet, DiskStateQueue).
Parsing file [WORKSPACE_ROOT]/formal/tlaplus/carrier_index/MC_CarrierIndex.tla
Parsing file [WORKSPACE_ROOT]/formal/tlaplus/carrier_index/CarrierIndex.tla
Parsing file /tmp/Naturals.tla
Parsing file /tmp/FiniteSets.tla
Parsing file /tmp/Sequences.tla
Semantic processing of module Naturals
Semantic processing of module Sequences
Semantic processing of module FiniteSets
Semantic processing of module CarrierIndex
Semantic processing of module MC_CarrierIndex
Starting... (2026-09-10 19:01:48)
Computing initial states...
Finished computing initial states: 1 distinct state generated at 2026-09-10 19:01:49.
Model checking completed. No error has been found.
  Estimates of the probability that TLC did not check all reachable states
  because two distinct states had the same fingerprint:
  calculated (optimistic):  val = 1.8E-14
1713 states generated, 222 distinct states found, 0 states left on queue.
The depth of the complete state graph search is 9.
The average outdegree of the complete state graph is 1 (minimum is 0, the maximum 5 and the 95th percentile is 3).
Finished in 02s at (2026-09-10 19:01:49)
