Picked up JAVA_TOOL_OPTIONS: -Xmx512m
TLC2 Version 2.19 of 08 August 2024 (rev: 5a47802)
Running breadth-first search Model-Checking with fp 128 and seed -8444666126538022943 with 2 workers on 20 cores with 491MB heap and 64MB offheap memory (Linux 6.17.0-1032-nvidia aarch64, Private Build 1.8.0_502 x86_64, MSBDiskFPSet, DiskStateQueue).
Parsing file [WORKSPACE_ROOT]/formal/tlaplus/soak_disk/MC_BenchmarkDiskMonitor_late_pre_fix.tla
Parsing file [WORKSPACE_ROOT]/formal/tlaplus/soak_disk/BenchmarkDiskMonitor.tla
Parsing file /tmp/Naturals.tla
Parsing file /tmp/TLC.tla
Parsing file /tmp/Sequences.tla
Parsing file /tmp/FiniteSets.tla
Semantic processing of module Naturals
Semantic processing of module Sequences
Semantic processing of module FiniteSets
Semantic processing of module TLC
Semantic processing of module BenchmarkDiskMonitor
Semantic processing of module MC_BenchmarkDiskMonitor_late_pre_fix
Starting... (2026-09-10 19:03:58)
Implied-temporal checking--satisfiability problem has 1 branches.
Computing initial states...
Finished computing initial states: 1 distinct state generated at 2026-09-10 19:03:59.
Error: Invariant BenchmarkBreachObserved is violated.
Error: The behavior up to this point is:
State 1: <Initial predicate>
/\ sampled = FALSE
/\ guardianStarted = FALSE
/\ stopRequested = FALSE
/\ freeMiB = 16384
/\ phase = "prepare"
/\ breachRecorded = FALSE

State 2: <StartBenchmark line 17, col 5 to line 20, col 68 of module BenchmarkDiskMonitor>
/\ sampled = FALSE
/\ guardianStarted = FALSE
/\ stopRequested = FALSE
/\ freeMiB = 16384
/\ phase = "active"
/\ breachRecorded = FALSE

State 3: <DiskFalls line 23, col 5 to line 26, col 76 of module BenchmarkDiskMonitor>
/\ sampled = FALSE
/\ guardianStarted = FALSE
/\ stopRequested = FALSE
/\ freeMiB = 1024
/\ phase = "poll"
/\ breachRecorded = FALSE

State 4: <Observe line 29, col 5 to line 34, col 45 of module BenchmarkDiskMonitor>
/\ sampled = FALSE
/\ guardianStarted = FALSE
/\ stopRequested = FALSE
/\ freeMiB = 1024
/\ phase = "observed"
/\ breachRecorded = FALSE

4 states generated, 4 distinct states found, 0 states left on queue.
The depth of the complete state graph search is 4.
The average outdegree of the complete state graph is 1 (minimum is 1, the maximum 1 and the 95th percentile is 1).
Finished in 01s at (2026-09-10 19:03:59)
