Picked up JAVA_TOOL_OPTIONS: -Xmx512m
TLC2 Version 2.19 of 08 August 2024 (rev: 5a47802)
Running breadth-first search Model-Checking with fp 59 and seed -6576354849485677056 with 2 workers on 20 cores with 491MB heap and 64MB offheap memory (Linux 6.17.0-1032-nvidia aarch64, Private Build 1.8.0_502 x86_64, MSBDiskFPSet, DiskStateQueue).
Parsing file [WORKSPACE_ROOT]/formal/tlaplus/carrier_index/MC_CarrierIndex_read_failure_pre_fix.tla
Parsing file [WORKSPACE_ROOT]/formal/tlaplus/carrier_index/CarrierIndex.tla
Parsing file /tmp/Naturals.tla
Parsing file /tmp/FiniteSets.tla
Parsing file /tmp/Sequences.tla
Semantic processing of module Naturals
Semantic processing of module Sequences
Semantic processing of module FiniteSets
Semantic processing of module CarrierIndex
Semantic processing of module MC_CarrierIndex_read_failure_pre_fix
Starting... (2026-09-10 19:03:16)
Computing initial states...
Finished computing initial states: 1 distinct state generated at 2026-09-10 19:03:17.
Error: Invariant AbsenceProofSound is violated.
Error: The behavior up to this point is:
State 1: <Initial predicate>
/\ readable = TRUE
/\ indexed = {}
/\ visible = {}
/\ scanStart = 0

State 2: <RecordBlock line 35, col 3 to line 37, col 47 of module CarrierIndex>
/\ readable = TRUE
/\ indexed = {<<s1, b0>>}
/\ visible = {}
/\ scanStart = 0

State 3: <PublishBlock line 40, col 3 to line 44, col 47 of module CarrierIndex>
/\ readable = TRUE
/\ indexed = {<<s1, b0>>}
/\ visible = {b0}
/\ scanStart = 0

State 4: <FailRead line 55, col 3 to line 57, col 46 of module CarrierIndex>
/\ readable = FALSE
/\ indexed = {<<s1, b0>>}
/\ visible = {b0}
/\ scanStart = 0

121 states generated, 45 distinct states found, 29 states left on queue.
The depth of the complete state graph search is 5.
The average outdegree of the complete state graph is 3 (minimum is 0, the maximum 5 and the 95th percentile is 5).
Finished in 02s at (2026-09-10 19:03:17)
