Picked up JAVA_TOOL_OPTIONS: -Xmx512m
TLC2 Version 2.19 of 08 August 2024 (rev: 5a47802)
Running breadth-first search Model-Checking with fp 52 and seed -7276422143537526780 with 2 workers on 20 cores with 491MB heap and 64MB offheap memory (Linux 6.17.0-1032-nvidia aarch64, Private Build 1.8.0_502 x86_64, MSBDiskFPSet, DiskStateQueue).
Parsing file [WORKSPACE_ROOT]/formal/tlaplus/soak_disk/MC_HostStopOwnership_pattern_only_pre_fix.tla
Parsing file [WORKSPACE_ROOT]/formal/tlaplus/soak_disk/HostStopOwnership.tla
Parsing file /tmp/TLC.tla
Parsing file /tmp/Naturals.tla
Parsing file /tmp/Sequences.tla
Parsing file /tmp/FiniteSets.tla
Semantic processing of module Naturals
Semantic processing of module Sequences
Semantic processing of module FiniteSets
Semantic processing of module TLC
Semantic processing of module HostStopOwnership
Semantic processing of module MC_HostStopOwnership_pattern_only_pre_fix
Starting... (2026-09-10 23:05:49)
Implied-temporal checking--satisfiability problem has 1 branches.
Computing initial states...
Finished computing initial states: 1 distinct state generated at 2026-09-10 23:05:49.
Error: Invariant UnownedHostWritersPreserved is violated.
Error: The behavior up to this point is:
State 1: <Initial predicate>
/\ running = {"owned-node", "unrelated-node", "unrelated-client"}
/\ phase = "active"

State 2: <Stop line 10, col 5 to line 12, col 24 of module HostStopOwnership>
/\ running = {}
/\ phase = "exited"

2 states generated, 2 distinct states found, 0 states left on queue.
The depth of the complete state graph search is 2.
Finished in 01s at (2026-09-10 23:05:49)
