Picked up JAVA_TOOL_OPTIONS: -Xmx512m
TLC2 Version 2.19 of 08 August 2024 (rev: 5a47802)
Running breadth-first search Model-Checking with fp 21 and seed -8401018893460469612 with 2 workers on 20 cores with 491MB heap and 64MB offheap memory (Linux 6.17.0-1032-nvidia aarch64, Private Build 1.8.0_502 x86_64, MSBDiskFPSet, DiskStateQueue).
Parsing file [WORKSPACE_ROOT]/formal/tlaplus/soak_disk/MC_BenchmarkCancellation_unwatched_death_pre_fix.tla
Parsing file [WORKSPACE_ROOT]/formal/tlaplus/soak_disk/BenchmarkCancellation.tla
Parsing file /tmp/Naturals.tla
Parsing file /tmp/TLC.tla
Parsing file /tmp/Sequences.tla
Parsing file /tmp/FiniteSets.tla
Semantic processing of module Naturals
Semantic processing of module Sequences
Semantic processing of module FiniteSets
Semantic processing of module TLC
Semantic processing of module BenchmarkCancellation
Semantic processing of module MC_BenchmarkCancellation_unwatched_death_pre_fix
Starting... (2026-09-10 23:05:14)
Implied-temporal checking--satisfiability problem has 1 branches.
Computing initial states...
Finished computing initial states: 1 distinct state generated at 2026-09-10 23:05:15.
Error: Invariant BenchmarkCancellationObserved is violated.
Error: The behavior up to this point is:
State 1: <Initial predicate>
/\ elapsed = 0
/\ termSent = FALSE
/\ clientAlive = TRUE
/\ guardianAlive = TRUE
/\ faultKind = "death"
/\ phase = "active"
/\ summaryPublished = FALSE
/\ breachRecorded = FALSE

State 2: <Fault line 21, col 5 to line 25, col 80 of module BenchmarkCancellation>
/\ elapsed = 0
/\ termSent = FALSE
/\ clientAlive = TRUE
/\ guardianAlive = FALSE
/\ faultKind = "death"
/\ phase = "watch"
/\ summaryPublished = FALSE
/\ breachRecorded = FALSE

State 3: <Watch line 28, col 5 to line 31, col 95 of module BenchmarkCancellation>
/\ elapsed = 0
/\ termSent = FALSE
/\ clientAlive = TRUE
/\ guardianAlive = FALSE
/\ faultKind = "death"
/\ phase = "waiting"
/\ summaryPublished = FALSE
/\ breachRecorded = FALSE

State 4: <WaitUnwatched line 59, col 5 to line 62, col 109 of module BenchmarkCancellation>
/\ elapsed = 1
/\ termSent = FALSE
/\ clientAlive = TRUE
/\ guardianAlive = FALSE
/\ faultKind = "death"
/\ phase = "waiting"
/\ summaryPublished = FALSE
/\ breachRecorded = FALSE

State 5: <WaitUnwatched line 59, col 5 to line 62, col 109 of module BenchmarkCancellation>
/\ elapsed = 2
/\ termSent = FALSE
/\ clientAlive = TRUE
/\ guardianAlive = FALSE
/\ faultKind = "death"
/\ phase = "waiting"
/\ summaryPublished = FALSE
/\ breachRecorded = FALSE

State 6: <WaitUnwatched line 59, col 5 to line 62, col 109 of module BenchmarkCancellation>
/\ elapsed = 3
/\ termSent = FALSE
/\ clientAlive = TRUE
/\ guardianAlive = FALSE
/\ faultKind = "death"
/\ phase = "waiting"
/\ summaryPublished = FALSE
/\ breachRecorded = FALSE

State 7: <WaitUnwatched line 59, col 5 to line 62, col 109 of module BenchmarkCancellation>
/\ elapsed = 4
/\ termSent = FALSE
/\ clientAlive = TRUE
/\ guardianAlive = FALSE
/\ faultKind = "death"
/\ phase = "waiting"
/\ summaryPublished = FALSE
/\ breachRecorded = FALSE

State 8: <ObserveUnwatched line 65, col 5 to line 68, col 111 of module BenchmarkCancellation>
/\ elapsed = 4
/\ termSent = FALSE
/\ clientAlive = TRUE
/\ guardianAlive = FALSE
/\ faultKind = "death"
/\ phase = "observed"
/\ summaryPublished = FALSE
/\ breachRecorded = FALSE

8 states generated, 8 distinct states found, 0 states left on queue.
The depth of the complete state graph search is 8.
The average outdegree of the complete state graph is 1 (minimum is 1, the maximum 1 and the 95th percentile is 1).
Finished in 02s at (2026-09-10 23:05:15)
