Picked up JAVA_TOOL_OPTIONS: -Xmx512m
TLC2 Version 2.19 of 08 August 2024 (rev: 5a47802)
Running breadth-first search Model-Checking with fp 69 and seed -1932043433992972710 with 2 workers on 20 cores with 491MB heap and 64MB offheap memory (Linux 6.17.0-1032-nvidia aarch64, Private Build 1.8.0_502 x86_64, MSBDiskFPSet, DiskStateQueue).
Parsing file [WORKSPACE_ROOT]/formal/tlaplus/soak_disk/MC_BenchmarkCrashRecovery_unrecorded_pre_fix.tla
Parsing file [WORKSPACE_ROOT]/formal/tlaplus/soak_disk/BenchmarkCrashRecovery.tla
Parsing file /tmp/Naturals.tla
Semantic processing of module Naturals
Semantic processing of module BenchmarkCrashRecovery
Semantic processing of module MC_BenchmarkCrashRecovery_unrecorded_pre_fix
Starting... (2026-09-11 04:59:27)
Implied-temporal checking--satisfiability problem has 1 branches.
Computing initial states...
Finished computing initial states: 1 distinct state generated at 2026-09-11 04:59:28.
Error: Invariant BenchmarkCrashRequiresRefusal is violated.
Error: The behavior up to this point is:
State 1: <Initial predicate>
/\ pending = FALSE
/\ failures = 0
/\ refused = FALSE
/\ phase = "active"
/\ benchSegments = 0
/\ admitted = FALSE
/\ benchFailures = 0

State 2: <Crash line 13, col 10 to line 15, col 92 of module BenchmarkCrashRecovery>
/\ pending = FALSE
/\ failures = 0
/\ refused = FALSE
/\ phase = "crashed"
/\ benchSegments = 0
/\ admitted = FALSE
/\ benchFailures = 0

State 3: <Recover line 16, col 12 to line 23, col 37 of module BenchmarkCrashRecovery>
/\ pending = FALSE
/\ failures = 0
/\ refused = FALSE
/\ phase = "recovered"
/\ benchSegments = 0
/\ admitted = TRUE
/\ benchFailures = 0

3 states generated, 3 distinct states found, 0 states left on queue.
The depth of the complete state graph search is 3.
The average outdegree of the complete state graph is 1 (minimum is 1, the maximum 1 and the 95th percentile is 1).
Finished in 01s at (2026-09-11 04:59:28)
